U-Boot SPL 2018.11-2 (Nov 20 2018 - 10:56:43 +0000)
DRAM: 1024 MiB
Trying to boot from MMC1

U-Boot 2018.11-2 (Nov 20 2018 - 10:56:43 +0000) Arch Linux ARM

CPU:   Allwinner H5 (SUN50I)
Model: Xunlong Orange Pi PC 2
DRAM:  1 GiB
MMC:   SUNXI SD/MMC: 0
In:    serial
Out:   serial
Err:   serial
Allwinner mUSB OTG (Peripheral)
Net:   phy interface7
eth0: ethernet@1c30000
Warning: usb_ether using MAC address from ROM
, eth1: usb_ether
starting USB...
USB0:   USB EHCI 1.00
USB1:   USB OHCI 1.0
USB2:   USB EHCI 1.00
USB3:   USB OHCI 1.0
USB4:   USB EHCI 1.00
USB5:   USB OHCI 1.0
USB6:   USB EHCI 1.00
USB7:   USB OHCI 1.0
scanning bus 0 for devices... 1 USB Device(s) found
scanning bus 2 for devices... 1 USB Device(s) found
scanning bus 4 for devices... 1 USB Device(s) found
scanning bus 6 for devices... 1 USB Device(s) found
       scanning usb for storage devices... 0 Storage Device(s) found
Hit any key to stop autoboot:  2  1  0 
switch to partitions #0, OK
mmc0 is current device
Scanning mmc 0:1...
Found U-Boot script /boot/boot.scr
2493 bytes read in 18 ms (134.8 KiB/s)
## Executing script at 4fc00000
26843648 bytes read in 2263 ms (11.3 MiB/s)
22257 bytes read in 24 ms (905.3 KiB/s)
6223043 bytes read in 536 ms (11.1 MiB/s)
## Flattened Device Tree blob at 4fa00000
   Booting using the fdt blob at 0x4fa00000
EHCI failed to shut down host controller.
EHCI failed to shut down host controller.
EHCI failed to shut down host controller.
   Loading Ramdisk to 49a10000, end 49fff4c3 ... OK
   Loading Device Tree to 0000000049a07000, end 0000000049a0f6f0 ... OK

Starting kernel ...

[    0.000000] Booting Linux on physical CPU 0x0000000000 [0x410fd034]
[    0.000000] Linux version 4.19.2-1-ARCH (builduser@leming) (gcc version 8.2.0 (GCC)) #1 SMP Thu Nov 15 18:48:33 MST 2018
[    0.000000] Machine model: Xunlong Orange Pi PC 2
[    0.000000] efi: Getting EFI parameters from FDT:
[    0.000000] efi: UEFI not found.
[    0.000000] cma: Reserved 64 MiB at 0x000000007c000000
[    0.000000] psci: probing for conduit method from DT.
[    0.000000] psci: PSCIv0.2 detected in firmware.
[    0.000000] psci: Using standard PSCI v0.2 function IDs
[    0.000000] psci: Trusted OS migration not required
[    0.000000] random: get_random_bytes called from start_kernel+0x9c/0x45c with crng_init=0
[    0.000000] percpu: Embedded 24 pages/cpu @(____ptrval____) s60568 r8192 d29544 u98304
[    0.000000] Detected VIPT I-cache on CPU0
[    0.000000] CPU features: detected: Kernel page table isolation (KPTI)
[    0.000000] Built 1 zonelists, mobility grouping on.  Total pages: 258048
[    0.000000] Kernel command line: console=ttyS0,115200 root=PARTUUID=9042cd58-01 rw rootwait elevator=noop audit=0
[    0.000000] audit: disabled (until reboot)
[    0.000000] Dentry cache hash table entries: 131072 (order: 8, 1048576 bytes)
[    0.000000] Inode-cache hash table entries: 65536 (order: 7, 524288 bytes)
[    0.000000] Memory: 931292K/1048576K available (13692K kernel code, 2470K rwdata, 8440K rodata, 1600K init, 768K bss, 51748K reserved, 65536K cma-reserved)
[    0.000000] SLUB: HWalign=64, Order=0-3, MinObjects=0, CPUs=4, Nodes=1
[    0.000000] ftrace: allocating 48023 entries in 188 pages
[    0.000000] rcu: Hierarchical RCU implementation.
[    0.000000] rcu: 	RCU restricting CPUs from NR_CPUS=8 to nr_cpu_ids=4.
[    0.000000] 	Tasks RCU enabled.
[    0.000000] rcu: Adjusting geometry for rcu_fanout_leaf=16, nr_cpu_ids=4
[    0.000000] NR_IRQS: 64, nr_irqs: 64, preallocated irqs: 0
[    0.000000] GIC: Using split EOI/Deactivate mode
[    0.000000] arch_timer: cp15 timer(s) running at 24.00MHz (phys).
[    0.000000] clocksource: arch_sys_counter: mask: 0xffffffffffffff max_cycles: 0x588fe9dc0, max_idle_ns: 440795202592 ns
[    0.000005] sched_clock: 56 bits at 24MHz, resolution 41ns, wraps every 4398046511097ns
[    0.000193] Console: colour dummy device 80x25
[    0.000242] Calibrating delay loop (skipped), value calculated using timer frequency.. 48.00 BogoMIPS (lpj=240000)
[    0.000254] pid_max: default: 32768 minimum: 301
[    0.000438] Security Framework initialized
[    0.000451] Yama: becoming mindful.
[    0.000533] Mount-cache hash table entries: 2048 (order: 2, 16384 bytes)
[    0.000550] Mountpoint-cache hash table entries: 2048 (order: 2, 16384 bytes)
[    0.002128] ASID allocator initialised with 32768 entries
[    0.002228] rcu: Hierarchical SRCU implementation.
[    0.005480] EFI services will not be available.
[    0.005894] smp: Bringing up secondary CPUs ...
[    0.007104] Detected VIPT I-cache on CPU1
[    0.007169] CPU1: Booted secondary processor 0x0000000001 [0x410fd034]
[    0.008111] Detected VIPT I-cache on CPU2
[    0.008145] CPU2: Booted secondary processor 0x0000000002 [0x410fd034]
[    0.009011] Detected VIPT I-cache on CPU3
[    0.009043] CPU3: Booted secondary processor 0x0000000003 [0x410fd034]
[    0.009122] smp: Brought up 1 node, 4 CPUs
[    0.009146] SMP: Total of 4 processors activated.
[    0.009155] CPU features: detected: 32-bit EL0 Support
[    0.011922] CPU: All CPU(s) started at EL2
[    0.011943] alternatives: patching kernel code
[    0.013374] devtmpfs: initialized
[    0.018800] clocksource: jiffies: mask: 0xffffffff max_cycles: 0xffffffff, max_idle_ns: 19112604462750000 ns
[    0.018824] futex hash table entries: 1024 (order: 4, 65536 bytes)
[    0.021301] pinctrl core: initialized pinctrl subsystem
[    0.022380] DMI not present or invalid.
[    0.022846] NET: Registered protocol family 16
[    0.024318] cpuidle: using governor ladder
[    0.024340] cpuidle: using governor menu
[    0.024672] vdso: 2 pages (1 code @ (____ptrval____), 1 data @ (____ptrval____))
[    0.024683] hw-breakpoint: found 6 breakpoint and 4 watchpoint registers.
[    0.026355] DMA: preallocated 256 KiB pool for atomic allocations
[    0.026877] Serial: AMBA PL011 UART driver
[    0.044443] HugeTLB registered 2.00 MiB page size, pre-allocated 0 pages
[    0.044758] cryptd: max_cpu_qlen set to 1000
[    0.045597] ACPI: Interpreter disabled.
[    0.046822] vgaarb: loaded
[    0.047571] SCSI subsystem initialized
[    0.048026] usbcore: registered new interface driver usbfs
[    0.048071] usbcore: registered new interface driver hub
[    0.048144] usbcore: registered new device driver usb
[    0.048612] pps_core: LinuxPPS API ver. 1 registered
[    0.048620] pps_core: Software ver. 5.3.6 - Copyright 2005-2007 Rodolfo Giometti <giometti@linux.it>
[    0.048644] PTP clock support registered
[    0.048833] EDAC MC: Ver: 3.0.0
[    0.049756] Advanced Linux Sound Architecture Driver Initialized.
[    0.050259] NetLabel: Initializing
[    0.050266] NetLabel:  domain hash size = 128
[    0.050271] NetLabel:  protocols = UNLABELED CIPSOv4 CALIPSO
[    0.050342] NetLabel:  unlabeled traffic allowed by default
[    0.050743] clocksource: Switched to clocksource arch_sys_counter
[    0.142785] VFS: Disk quotas dquot_6.6.0
[    0.142860] VFS: Dquot-cache hash table entries: 512 (order 0, 4096 bytes)
[    0.143325] pnp: PnP ACPI: disabled
[    0.150555] NET: Registered protocol family 2
[    0.151237] tcp_listen_portaddr_hash hash table entries: 512 (order: 1, 8192 bytes)
[    0.151265] TCP established hash table entries: 8192 (order: 4, 65536 bytes)
[    0.151350] TCP bind hash table entries: 8192 (order: 5, 131072 bytes)
[    0.151512] TCP: Hash tables configured (established 8192 bind 8192)
[    0.151656] UDP hash table entries: 512 (order: 2, 16384 bytes)
[    0.151693] UDP-Lite hash table entries: 512 (order: 2, 16384 bytes)
[    0.151885] NET: Registered protocol family 1
[    0.152543] RPC: Registered named UNIX socket transport module.
[    0.152551] RPC: Registered udp transport module.
[    0.152557] RPC: Registered tcp transport module.
[    0.152562] RPC: Registered tcp NFSv4.1 backchannel transport module.
[    0.152776] Unpacking initramfs...
[    0.508354] Freeing initrd memory: 6076K
[    0.513897] kvm [1]: 8-bit VMID
[    0.515081] kvm [1]: vgic interrupt IRQ1
[    0.515200] kvm [1]: Hyp mode initialized successfully
[    0.625217] Initialise system trusted keyrings
[    0.625381] workingset: timestamp_bits=46 max_order=18 bucket_order=0
[    0.631577] zbud: loaded
[    0.633929] NFS: Registering the id_resolver key type
[    0.633955] Key type id_resolver registered
[    0.633961] Key type id_legacy registered
[    0.633976] nfs4filelayout_init: NFSv4 File Layout Driver Registering...
[    0.634176] SGI XFS with ACLs, security attributes, no debug enabled
[    0.636854] pstore: using deflate compression
[    2.245153] NET: Registered protocol family 38
[    2.245177] Key type asymmetric registered
[    2.245185] Asymmetric key parser 'x509' registered
[    2.245250] Block layer SCSI generic (bsg) driver version 0.4 loaded (major 242)
[    2.245393] io scheduler noop registered (default)
[    2.245401] io scheduler deadline registered
[    2.245616] io scheduler cfq registered
[    2.245625] io scheduler mq-deadline registered
[    2.245631] io scheduler kyber registered
[    2.245763] io scheduler bfq registered
[    2.247014] sun4i-usb-phy 1c19400.phy: Couldn't request ID GPIO
[    2.251547] sun8i-h3-r-pinctrl 1f02c00.pinctrl: initialized sunXi PIO driver
[    2.255295] sun50i-h5-pinctrl 1c20800.pinctrl: initialized sunXi PIO driver
[    2.257575] ipmi message handler version 39.2
[    2.266378] Serial: 8250/16550 driver, 4 ports, IRQ sharing enabled
[    2.268350] console [ttyS0] disabled
[    2.288968] 1c28000.serial: ttyS0 at MMIO 0x1c28000 (irq = 27, base_baud = 1500000) is a U6_16550A
[    2.992709] console [ttyS0] enabled
[    2.997186] msm_serial: driver initialized
[    3.002969] cacheinfo: Unable to detect cache hierarchy for CPU 0
[    3.012035] libphy: Fixed MDIO Bus: probed
[    3.017629] ehci_hcd: USB 2.0 'Enhanced' Host Controller (EHCI) Driver
[    3.024204] ehci-pci: EHCI PCI platform driver
[    3.028679] ehci-platform: EHCI generic platform driver
[    3.034117] ehci-platform 1c1a000.usb: EHCI Host Controller
[    3.039826] ehci-platform 1c1a000.usb: new USB bus registered, assigned bus number 1
[    3.048852] ehci-platform 1c1a000.usb: irq 10, io mem 0x01c1a000
[    3.080763] ehci-platform 1c1a000.usb: USB 2.0 started, EHCI 1.00
[    3.087068] usb usb1: New USB device found, idVendor=1d6b, idProduct=0002, bcdDevice= 4.19
[    3.095340] usb usb1: New USB device strings: Mfr=3, Product=2, SerialNumber=1
[    3.102566] usb usb1: Product: EHCI Host Controller
[    3.107439] usb usb1: Manufacturer: Linux 4.19.2-1-ARCH ehci_hcd
[    3.113449] usb usb1: SerialNumber: 1c1a000.usb
[    3.118459] hub 1-0:1.0: USB hub found
[    3.122247] hub 1-0:1.0: 1 port detected
[    3.127001] ehci-orion: EHCI orion driver
[    3.131219] tegra-ehci: Tegra EHCI driver
[    3.135323] ohci_hcd: USB 1.1 'Open' Host Controller (OHCI) Driver
[    3.141523] ohci-pci: OHCI PCI platform driver
[    3.146037] ohci-platform: OHCI generic platform driver
[    3.151399] ohci-platform 1c1a400.usb: Generic Platform OHCI controller
[    3.158187] ohci-platform 1c1a400.usb: new USB bus registered, assigned bus number 2
[    3.166224] ohci-platform 1c1a400.usb: irq 11, io mem 0x01c1a400
[    3.244951] usb usb2: New USB device found, idVendor=1d6b, idProduct=0001, bcdDevice= 4.19
[    3.253222] usb usb2: New USB device strings: Mfr=3, Product=2, SerialNumber=1
[    3.260434] usb usb2: Product: Generic Platform OHCI controller
[    3.266358] usb usb2: Manufacturer: Linux 4.19.2-1-ARCH ohci_hcd
[    3.272368] usb usb2: SerialNumber: 1c1a400.usb
[    3.277355] hub 2-0:1.0: USB hub found
[    3.281143] hub 2-0:1.0: 1 port detected
[    3.285847] uhci_hcd: USB Universal Host Controller Interface driver
[    3.292948] usbcore: registered new interface driver uas
[    3.298339] usbcore: registered new interface driver usb-storage
[    3.304382] usbcore: registered new interface driver ums-alauda
[    3.310325] usbcore: registered new interface driver ums-cypress
[    3.316365] usbcore: registered new interface driver ums-datafab
[    3.322403] usbcore: registered new interface driver ums_eneub6250
[    3.328600] usbcore: registered new interface driver ums-freecom
[    3.334641] usbcore: registered new interface driver ums-isd200
[    3.340585] usbcore: registered new interface driver ums-jumpshot
[    3.346709] usbcore: registered new interface driver ums-karma
[    3.352575] usbcore: registered new interface driver ums-onetouch
[    3.358699] usbcore: registered new interface driver ums-realtek
[    3.364737] usbcore: registered new interface driver ums-sddr09
[    3.370675] usbcore: registered new interface driver ums-sddr55
[    3.376628] usbcore: registered new interface driver ums-usbat
[    3.382559] usbcore: registered new interface driver usbserial_generic
[    3.389100] usbserial: USB Serial support registered for generic
[    3.396768] mousedev: PS/2 mouse device common for all mice
[    3.403569] sun6i-rtc 1f00000.rtc: rtc core: registered rtc-sun6i as rtc0
[    3.410350] sun6i-rtc 1f00000.rtc: RTC enabled
[    3.416981] device-mapper: uevent: version 1.0.3
[    3.421921] device-mapper: ioctl: 4.39.0-ioctl (2018-04-03) initialised: dm-devel@redhat.com
[    3.431367] sdhci: Secure Digital Host Controller Interface driver
[    3.437536] sdhci: Copyright(c) Pierre Ossman
[    3.442481] Synopsys Designware Multimedia Card Interface Driver
[    3.449526] sunxi-mmc 1c0f000.mmc: Linked as a consumer to regulator.1
[    3.456757] sunxi-mmc 1c0f000.mmc: Got CD GPIO
[    3.486777] sunxi-mmc 1c0f000.mmc: initialized, max. request size: 16384 KB, uses new timings mode
[    3.496342] sdhci-pltfm: SDHCI platform and OF driver helper
[    3.503439] ledtrig-cpu: registered to indicate activity on CPUs
[    3.509908] hidraw: raw HID events driver (C) Jiri Kosina
[    3.515535] usbcore: registered new interface driver usbhid
[    3.521118] usbhid: USB HID core driver
[    3.528733] drop_monitor: Initializing network drop monitor service
[    3.535265] Initializing XFRM netlink socket
[    3.540227] NET: Registered protocol family 10
[    3.553805] Segment Routing with IPv6
[    3.557561] mip6: Mobile IPv6
[    3.560532] NET: Registered protocol family 17
[    3.565203] Key type dns_resolver registered
[    3.570266] registered taskstats version 1
[    3.574388] Loading compiled-in X.509 certificates
[    3.574922] mmc0: host does not support reading read-only switch, assuming write-enable
[    3.579277] zswap: loaded using pool lzo/zbud
[    3.587300] mmc0: new SDHC card at address 0001
[    3.591736] Key type big_key registered
[    3.597475] mmcblk0: mmc0:0001 00000 3.72 GiB 
[    3.606168]  mmcblk0: p1
[    3.608131] Key type encrypted registered
[    3.621531] sun4i-usb-phy 1c19400.phy: Linked as a consumer to regulator.3
[    3.629702] ehci-platform 1c1b000.usb: EHCI Host Controller
[    3.635505] ehci-platform 1c1b000.usb: new USB bus registered, assigned bus number 3
[    3.644009] ehci-platform 1c1b000.usb: irq 12, io mem 0x01c1b000
[    3.670756] ehci-platform 1c1b000.usb: USB 2.0 started, EHCI 1.00
[    3.677048] usb usb3: New USB device found, idVendor=1d6b, idProduct=0002, bcdDevice= 4.19
[    3.685326] usb usb3: New USB device strings: Mfr=3, Product=2, SerialNumber=1
[    3.692555] usb usb3: Product: EHCI Host Controller
[    3.697427] usb usb3: Manufacturer: Linux 4.19.2-1-ARCH ehci_hcd
[    3.703436] usb usb3: SerialNumber: 1c1b000.usb
[    3.708459] hub 3-0:1.0: USB hub found
[    3.712255] hub 3-0:1.0: 1 port detected
[    3.717463] ehci-platform 1c1c000.usb: EHCI Host Controller
[    3.723269] ehci-platform 1c1c000.usb: new USB bus registered, assigned bus number 4
[    3.731404] ehci-platform 1c1c000.usb: irq 14, io mem 0x01c1c000
[    3.760764] ehci-platform 1c1c000.usb: USB 2.0 started, EHCI 1.00
[    3.767042] usb usb4: New USB device found, idVendor=1d6b, idProduct=0002, bcdDevice= 4.19
[    3.775314] usb usb4: New USB device strings: Mfr=3, Product=2, SerialNumber=1
[    3.782540] usb usb4: Product: EHCI Host Controller
[    3.787413] usb usb4: Manufacturer: Linux 4.19.2-1-ARCH ehci_hcd
[    3.793424] usb usb4: SerialNumber: 1c1c000.usb
[    3.798411] hub 4-0:1.0: USB hub found
[    3.802207] hub 4-0:1.0: 1 port detected
[    3.807390] ehci-platform 1c1d000.usb: EHCI Host Controller
[    3.813148] ehci-platform 1c1d000.usb: new USB bus registered, assigned bus number 5
[    3.821304] ehci-platform 1c1d000.usb: irq 16, io mem 0x01c1d000
[    3.850765] ehci-platform 1c1d000.usb: USB 2.0 started, EHCI 1.00
[    3.857029] usb usb5: New USB device found, idVendor=1d6b, idProduct=0002, bcdDevice= 4.19
[    3.865302] usb usb5: New USB device strings: Mfr=3, Product=2, SerialNumber=1
[    3.872528] usb usb5: Product: EHCI Host Controller
[    3.877400] usb usb5: Manufacturer: Linux 4.19.2-1-ARCH ehci_hcd
[    3.883411] usb usb5: SerialNumber: 1c1d000.usb
[    3.888404] hub 5-0:1.0: USB hub found
[    3.892190] hub 5-0:1.0: 1 port detected
[    3.897352] ohci-platform 1c1b400.usb: Generic Platform OHCI controller
[    3.904182] ohci-platform 1c1b400.usb: new USB bus registered, assigned bus number 6
[    3.912330] ohci-platform 1c1b400.usb: irq 13, io mem 0x01c1b400
[    3.984959] usb usb6: New USB device found, idVendor=1d6b, idProduct=0001, bcdDevice= 4.19
[    3.993232] usb usb6: New USB device strings: Mfr=3, Product=2, SerialNumber=1
[    4.000445] usb usb6: Product: Generic Platform OHCI controller
[    4.006371] usb usb6: Manufacturer: Linux 4.19.2-1-ARCH ohci_hcd
[    4.012387] usb usb6: SerialNumber: 1c1b400.usb
[    4.017511] hub 6-0:1.0: USB hub found
[    4.021301] hub 6-0:1.0: 1 port detected
[    4.026480] ohci-platform 1c1c400.usb: Generic Platform OHCI controller
[    4.033292] ohci-platform 1c1c400.usb: new USB bus registered, assigned bus number 7
[    4.041338] ohci-platform 1c1c400.usb: irq 15, io mem 0x01c1c400
[    4.115046] usb usb7: New USB device found, idVendor=1d6b, idProduct=0001, bcdDevice= 4.19
[    4.123319] usb usb7: New USB device strings: Mfr=3, Product=2, SerialNumber=1
[    4.130532] usb usb7: Product: Generic Platform OHCI controller
[    4.136459] usb usb7: Manufacturer: Linux 4.19.2-1-ARCH ohci_hcd
[    4.142470] usb usb7: SerialNumber: 1c1c400.usb
[    4.147457] hub 7-0:1.0: USB hub found
[    4.151242] hub 7-0:1.0: 1 port detected
[    4.156412] ohci-platform 1c1d400.usb: Generic Platform OHCI controller
[    4.163205] ohci-platform 1c1d400.usb: new USB bus registered, assigned bus number 8
[    4.171273] ohci-platform 1c1d400.usb: irq 17, io mem 0x01c1d400
[    4.244920] usb usb8: New USB device found, idVendor=1d6b, idProduct=0001, bcdDevice= 4.19
[    4.253194] usb usb8: New USB device strings: Mfr=3, Product=2, SerialNumber=1
[    4.260407] usb usb8: Product: Generic Platform OHCI controller
[    4.266333] usb usb8: Manufacturer: Linux 4.19.2-1-ARCH ohci_hcd
[    4.272344] usb usb8: SerialNumber: 1c1d400.usb
[    4.277333] hub 8-0:1.0: USB hub found
[    4.281119] hub 8-0:1.0: 1 port detected
[    4.286361] usb_phy_generic usb_phy_generic.0.auto: usb_phy_generic.0.auto supply vcc not found, using dummy regulator
[    4.297155] usb_phy_generic usb_phy_generic.0.auto: Linked as a consumer to regulator.0
[    4.305617] musb-hdrc musb-hdrc.1.auto: MUSB HDRC host driver
[    4.311557] musb-hdrc musb-hdrc.1.auto: new USB bus registered, assigned bus number 9
[    4.319535] usb usb9: New USB device found, idVendor=1d6b, idProduct=0002, bcdDevice= 4.19
[    4.327812] usb usb9: New USB device strings: Mfr=3, Product=2, SerialNumber=1
[    4.335039] usb usb9: Product: MUSB HDRC host driver
[    4.339997] usb usb9: Manufacturer: Linux 4.19.2-1-ARCH musb-hcd
[    4.346008] usb usb9: SerialNumber: musb-hdrc.1.auto
[    4.351393] hub 9-0:1.0: USB hub found
[    4.355166] hub 9-0:1.0: 1 port detected
[    4.359939] sun6i-rtc 1f00000.rtc: hctosys: unable to read the hardware clock
[    4.367497] gmac-3v3: disabling
[    4.370636] usb0-vbus: disabling
[    4.373877] ALSA device list:
[    4.376840]   No soundcards found.
[    4.386596] Freeing unused kernel memory: 1600K
[    4.430770] Run /init as init process
[    4.905173] input: r-gpio-keys as /devices/platform/r-gpio-keys/input/input0
[    5.805314] random: fast init done
[    6.626414] EXT4-fs (mmcblk0p1): mounted filesystem with ordered data mode. Opts: (null)
[    7.879131] systemd[1]: System time before build time, advancing clock.
[    7.942689] systemd[1]: systemd 239 running in system mode. (+PAM +AUDIT -SELINUX -IMA -APPARMOR +SMACK -SYSVINIT +UTMP +LIBCRYPTSETUP +GCRYPT +GNUTLS +ACL +XZ +LZ4 +SECCOMP +BLKID +ELFUTILS +KMOD +IDN2 -IDN +PCRE2 default-hierarchy=hybrid)
[    7.964415] systemd[1]: Detected architecture arm64.
[    8.002080] systemd[1]: Set hostname to <alarm>.
[    9.230421] random: systemd: uninitialized urandom read (16 bytes read)
[    9.237756] systemd[1]: Set up automount Arbitrary Executable File Formats File System Automount Point.
[    9.280953] random: systemd: uninitialized urandom read (16 bytes read)
[    9.287857] systemd[1]: Listening on initctl Compatibility Named Pipe.
[    9.320879] random: systemd: uninitialized urandom read (16 bytes read)
[    9.327826] systemd[1]: Listening on udev Kernel Socket.
[    9.361101] systemd[1]: Started Forward Password Requests to Wall Directory Watch.
[    9.392600] systemd[1]: Listening on LVM2 poll daemon socket.
[    9.420889] systemd[1]: Reached target Swap.
[    9.451131] systemd[1]: Listening on Device-mapper event daemon FIFOs.
[   11.626585] random: crng init done
[   11.630001] random: 7 urandom warning(s) missed due to ratelimiting
[   11.786111] systemd-journald[300]: Received request to flush runtime journal from PID 1
[   12.659124] sunxi-wdt 1c20ca0.watchdog: Watchdog enabled (timeout=16 sec, nowayout=0)
[   12.847705] Registered IR keymap rc-empty
[   12.853568] rc rc0: sunxi-ir as /devices/platform/soc/1f02000.ir/rc/rc0
[   12.860498] input: sunxi-ir as /devices/platform/soc/1f02000.ir/rc/rc0/input1
[   12.869167] rc rc0: lirc_dev: driver sunxi-ir registered at minor = 0, raw IR receiver, no transmitter
[   12.880087] sunxi-ir 1f02000.ir: initialized sunXi IR driver
[   12.911231] dwmac-sun8i 1c30000.ethernet: PTP uses main clock
[   12.917216] dwmac-sun8i 1c30000.ethernet: Linked as a consumer to regulator.2
[   12.979123] sun4i-drm display-engine: bound 1100000.mixer (ops sun8i_mixer_ops [sun8i_mixer])
[   12.988440] sun4i-drm display-engine: bound 1c0c000.lcd-controller (ops sun4i_tcon_ops [sun4i_tcon])
[   13.000647] sun8i-dw-hdmi 1ee0000.hdmi: Detected HDMI TX controller v1.32a with HDCP (sun8i_dw_hdmi_phy)
[   13.014821] sun8i-dw-hdmi 1ee0000.hdmi: registered DesignWare HDMI I2C bus driver
[   13.024785] sun4i-drm display-engine: bound 1ee0000.hdmi (ops sun8i_dw_hdmi_ops [sun8i_drm_hdmi])
[   13.035999] [drm] Supports vblank timestamp caching Rev 2 (21.10.2013).
[   13.041121] dwmac-sun8i 1c30000.ethernet: Current syscon value is not the default 50006 (expect 58000)
[   13.042694] [drm] No driver support for vblank timestamp query.
[   13.052015] dwmac-sun8i 1c30000.ethernet: No HW DMA feature register supported
[   13.058045] [drm] Cannot find any crtc or sizes
[   13.065157] dwmac-sun8i 1c30000.ethernet: RX Checksum Offload Engine supported
[   13.070304] [drm] Initialized sun4i-drm 1.0.0 20150629 for display-engine on minor 0
[   13.076976] dwmac-sun8i 1c30000.ethernet: COE Type 2
[   13.076982] dwmac-sun8i 1c30000.ethernet: TX Checksum insertion supported
[   13.076989] dwmac-sun8i 1c30000.ethernet: Normal descriptors
[   13.077001] dwmac-sun8i 1c30000.ethernet: Chain mode enabled
[   13.114004] libphy: stmmac: probed
[   13.118426] dwmac-sun8i 1c30000.ethernet: Found internal PHY node
[   13.124941] libphy: mdio_mux: probed
[   13.128675] dwmac-sun8i 1c30000.ethernet: Switch mux to internal PHY
[   13.135117] dwmac-sun8i 1c30000.ethernet: Powering internal PHY
[   13.145909] libphy: mdio_mux: probed
[   13.149610] dwmac-sun8i 1c30000.ethernet: Switch mux to external PHY
[   13.210821] Registered IR keymap rc-cec
[   13.214890] rc rc1: RC for dw_hdmi as /devices/platform/soc/1ee0000.hdmi/rc/rc1
[   13.222957] input: RC for dw_hdmi as /devices/platform/soc/1ee0000.hdmi/rc/rc1/input2
[   13.293980] RTL8211E Gigabit Ethernet 0.2:01: attached PHY driver [RTL8211E Gigabit Ethernet] (mii_bus:phy_addr=0.2:01, irq=POLL)
[   13.322533] dwmac-sun8i 1c30000.ethernet eth0: No Safety Features support found
[   13.329876] dwmac-sun8i 1c30000.ethernet eth0: No MAC Management Counters available
[   13.337683] dwmac-sun8i 1c30000.ethernet eth0: PTP not supported by HW
[   13.345445] IPv6: ADDRCONF(NETDEV_UP): eth0: link is not ready
[   14.091005] [drm] Cannot find any crtc or sizes
[   17.531576] dwmac-sun8i 1c30000.ethernet eth0: Link is Up - 1Gbps/Full - flow control rx/tx
[   17.539960] IPv6: ADDRCONF(NETDEV_CHANGE): eth0: link becomes ready
[   18.731528] dwmac-sun8i 1c30000.ethernet eth0: Too many address, switching to promiscuous
