U-Boot SPL 2018.11-2 (Nov 20 2018 - 10:56:43 +0000)
DRAM: 512 MiB
Trying to boot from MMC1

U-Boot 2018.11-2 (Nov 20 2018 - 10:56:43 +0000) Arch Linux ARM

CPU:   Allwinner H5 (SUN50I)
Model: Xunlong Orange Pi Zero Plus
DRAM:  512 MiB
MMC:   SUNXI SD/MMC: 0, SUNXI SD/MMC: 1
In:    serial
Out:   serial
Err:   serial
Net:   phy interface7
eth0: ethernet@1c30000
starting USB...
USB0:   USB EHCI 1.00
USB1:   USB OHCI 1.0
USB2:   USB EHCI 1.00
USB3:   USB OHCI 1.0
scanning bus 0 for devices... 1 USB Device(s) found
scanning bus 2 for devices... 1 USB Device(s) found
       scanning usb for storage devices... 0 Storage Device(s) found
Hit any key to stop autoboot:  2  1  0 
switch to partitions #0, OK
mmc0 is current device
Scanning mmc 0:1...
Found U-Boot script /boot/boot.scr
2493 bytes read in 40 ms (60.5 KiB/s)
## Executing script at 4fc00000
555 bytes read in 44 ms (11.7 KiB/s)
26843648 bytes read in 1738 ms (14.7 MiB/s)
21681 bytes read in 44 ms (480.5 KiB/s)
Applying additional DT overlay(s)
504 bytes read in 84 ms (5.9 KiB/s)
Applying DT overlay: sun50i-h5-usbhost2.dtbo
504 bytes read in 86 ms (4.9 KiB/s)
Applying DT overlay: sun50i-h5-usbhost3.dtbo
4155 bytes read in 84 ms (47.9 KiB/s)
Applying DT fixup script: sun50i-h5-fixup.scr
## Executing script at 44000000
6215375 bytes read in 425 ms (13.9 MiB/s)
## Flattened Device Tree blob at 4fa00000
   Booting using the fdt blob at 0x4fa00000
EHCI failed to shut down host controller.
EHCI failed to shut down host controller.
   Loading Ramdisk to 49a12000, end 49fff6cf ... OK
   reserving fdt memory region: addr=4fa00000 size=6b000
   Loading Device Tree to 00000000499a4000, end 0000000049a11fff ... OK

Starting kernel ...

[    0.000000] Booting Linux on physical CPU 0x0000000000 [0x410fd034]
[    0.000000] Linux version 4.19.2-1-ARCH (builduser@leming) (gcc version 8.2.0 (GCC)) #1 SMP Thu Nov 15 18:48:33 MST 2018
[    0.000000] Machine model: Xunlong Orange Pi Zero Plus
[    0.000000] efi: Getting EFI parameters from FDT:
[    0.000000] efi: UEFI not found.
[    0.000000] cma: Reserved 64 MiB at 0x000000005c000000
[    0.000000] psci: probing for conduit method from DT.
[    0.000000] psci: PSCIv0.2 detected in firmware.
[    0.000000] psci: Using standard PSCI v0.2 function IDs
[    0.000000] psci: Trusted OS migration not required
[    0.000000] random: get_random_bytes called from start_kernel+0x9c/0x45c with crng_init=0
[    0.000000] percpu: Embedded 24 pages/cpu @(____ptrval____) s60568 r8192 d29544 u98304
[    0.000000] Detected VIPT I-cache on CPU0
[    0.000000] CPU features: detected: Kernel page table isolation (KPTI)
[    0.000000] Built 1 zonelists, mobility grouping on.  Total pages: 129024
[    0.000000] Kernel command line: console=ttyS0,115200 root=PARTUUID=31be8c3d-01 rw rootwait elevator=noop audit=0
[    0.000000] audit: disabled (until reboot)
[    0.000000] Dentry cache hash table entries: 65536 (order: 7, 524288 bytes)
[    0.000000] Inode-cache hash table entries: 32768 (order: 6, 262144 bytes)
[    0.000000] Memory: 407360K/524288K available (13692K kernel code, 2470K rwdata, 8440K rodata, 1600K init, 768K bss, 51392K reserved, 65536K cma-reserved)
[    0.000000] SLUB: HWalign=64, Order=0-3, MinObjects=0, CPUs=4, Nodes=1
[    0.000000] ftrace: allocating 48023 entries in 188 pages
[    0.000000] rcu: Hierarchical RCU implementation.
[    0.000000] rcu: 	RCU restricting CPUs from NR_CPUS=8 to nr_cpu_ids=4.
[    0.000000] 	Tasks RCU enabled.
[    0.000000] rcu: Adjusting geometry for rcu_fanout_leaf=16, nr_cpu_ids=4
[    0.000000] NR_IRQS: 64, nr_irqs: 64, preallocated irqs: 0
[    0.000000] GIC: Using split EOI/Deactivate mode
[    0.000000] arch_timer: cp15 timer(s) running at 24.00MHz (phys).
[    0.000000] clocksource: arch_sys_counter: mask: 0xffffffffffffff max_cycles: 0x588fe9dc0, max_idle_ns: 440795202592 ns
[    0.000005] sched_clock: 56 bits at 24MHz, resolution 41ns, wraps every 4398046511097ns
[    0.000179] Console: colour dummy device 80x25
[    0.000231] Calibrating delay loop (skipped), value calculated using timer frequency.. 48.00 BogoMIPS (lpj=240000)
[    0.000243] pid_max: default: 32768 minimum: 301
[    0.000414] Security Framework initialized
[    0.000428] Yama: becoming mindful.
[    0.000509] Mount-cache hash table entries: 1024 (order: 1, 8192 bytes)
[    0.000522] Mountpoint-cache hash table entries: 1024 (order: 1, 8192 bytes)
[    0.002149] ASID allocator initialised with 32768 entries
[    0.002245] rcu: Hierarchical SRCU implementation.
[    0.005468] EFI services will not be available.
[    0.005883] smp: Bringing up secondary CPUs ...
[    0.007119] Detected VIPT I-cache on CPU1
[    0.007185] CPU1: Booted secondary processor 0x0000000001 [0x410fd034]
[    0.008141] Detected VIPT I-cache on CPU2
[    0.008177] CPU2: Booted secondary processor 0x0000000002 [0x410fd034]
[    0.009067] Detected VIPT I-cache on CPU3
[    0.009099] CPU3: Booted secondary processor 0x0000000003 [0x410fd034]
[    0.009180] smp: Brought up 1 node, 4 CPUs
[    0.009204] SMP: Total of 4 processors activated.
[    0.009213] CPU features: detected: 32-bit EL0 Support
[    0.012002] CPU: All CPU(s) started at EL2
[    0.012024] alternatives: patching kernel code
[    0.013318] devtmpfs: initialized
[    0.018602] clocksource: jiffies: mask: 0xffffffff max_cycles: 0xffffffff, max_idle_ns: 19112604462750000 ns
[    0.018627] futex hash table entries: 1024 (order: 4, 65536 bytes)
[    0.021182] pinctrl core: initialized pinctrl subsystem
[    0.022296] DMI not present or invalid.
[    0.022771] NET: Registered protocol family 16
[    0.024267] cpuidle: using governor ladder
[    0.024290] cpuidle: using governor menu
[    0.024628] vdso: 2 pages (1 code @ (____ptrval____), 1 data @ (____ptrval____))
[    0.024638] hw-breakpoint: found 6 breakpoint and 4 watchpoint registers.
[    0.026245] DMA: preallocated 256 KiB pool for atomic allocations
[    0.026759] Serial: AMBA PL011 UART driver
[    0.043565] HugeTLB registered 2.00 MiB page size, pre-allocated 0 pages
[    0.043886] cryptd: max_cpu_qlen set to 1000
[    0.044697] ACPI: Interpreter disabled.
[    0.045824] vgaarb: loaded
[    0.046577] SCSI subsystem initialized
[    0.047034] usbcore: registered new interface driver usbfs
[    0.047080] usbcore: registered new interface driver hub
[    0.047153] usbcore: registered new device driver usb
[    0.047637] pps_core: LinuxPPS API ver. 1 registered
[    0.047644] pps_core: Software ver. 5.3.6 - Copyright 2005-2007 Rodolfo Giometti <giometti@linux.it>
[    0.047667] PTP clock support registered
[    0.047856] EDAC MC: Ver: 3.0.0
[    0.048729] Advanced Linux Sound Architecture Driver Initialized.
[    0.049239] NetLabel: Initializing
[    0.049246] NetLabel:  domain hash size = 128
[    0.049251] NetLabel:  protocols = UNLABELED CIPSOv4 CALIPSO
[    0.049323] NetLabel:  unlabeled traffic allowed by default
[    0.049733] clocksource: Switched to clocksource arch_sys_counter
[    0.143547] VFS: Disk quotas dquot_6.6.0
[    0.143623] VFS: Dquot-cache hash table entries: 512 (order 0, 4096 bytes)
[    0.144057] pnp: PnP ACPI: disabled
[    0.151430] NET: Registered protocol family 2
[    0.152068] tcp_listen_portaddr_hash hash table entries: 256 (order: 0, 4096 bytes)
[    0.152091] TCP established hash table entries: 4096 (order: 3, 32768 bytes)
[    0.152139] TCP bind hash table entries: 4096 (order: 4, 65536 bytes)
[    0.152229] TCP: Hash tables configured (established 4096 bind 4096)
[    0.152335] UDP hash table entries: 256 (order: 1, 8192 bytes)
[    0.152359] UDP-Lite hash table entries: 256 (order: 1, 8192 bytes)
[    0.152541] NET: Registered protocol family 1
[    0.153203] RPC: Registered named UNIX socket transport module.
[    0.153211] RPC: Registered udp transport module.
[    0.153216] RPC: Registered tcp transport module.
[    0.153222] RPC: Registered tcp NFSv4.1 backchannel transport module.
[    0.153438] Unpacking initramfs...
[    0.508948] Freeing initrd memory: 6068K
[    0.514420] kvm [1]: 8-bit VMID
[    0.515615] kvm [1]: vgic interrupt IRQ1
[    0.515737] kvm [1]: Hyp mode initialized successfully
[    0.626684] Initialise system trusted keyrings
[    0.626834] workingset: timestamp_bits=46 max_order=17 bucket_order=0
[    0.633079] zbud: loaded
[    0.635451] NFS: Registering the id_resolver key type
[    0.635478] Key type id_resolver registered
[    0.635484] Key type id_legacy registered
[    0.635499] nfs4filelayout_init: NFSv4 File Layout Driver Registering...
[    0.635702] SGI XFS with ACLs, security attributes, no debug enabled
[    0.638409] pstore: using deflate compression
[    2.247380] NET: Registered protocol family 38
[    2.247404] Key type asymmetric registered
[    2.247412] Asymmetric key parser 'x509' registered
[    2.247478] Block layer SCSI generic (bsg) driver version 0.4 loaded (major 242)
[    2.247620] io scheduler noop registered (default)
[    2.247628] io scheduler deadline registered
[    2.247854] io scheduler cfq registered
[    2.247862] io scheduler mq-deadline registered
[    2.247869] io scheduler kyber registered
[    2.248007] io scheduler bfq registered
[    2.249212] sun4i-usb-phy 1c19400.phy: Couldn't request ID GPIO
[    2.253467] sun8i-h3-r-pinctrl 1f02c00.pinctrl: initialized sunXi PIO driver
[    2.257176] sun50i-h5-pinctrl 1c20800.pinctrl: initialized sunXi PIO driver
[    2.259273] ipmi message handler version 39.2
[    2.267676] Serial: 8250/16550 driver, 4 ports, IRQ sharing enabled
[    2.269659] console [ttyS0] disabled
[    2.290354] 1c28000.serial: ttyS0 at MMIO 0x1c28000 (irq = 27, base_baud = 1500000) is a U6_16550A
[    2.993783] console [ttyS0] enabled
[    2.998195] msm_serial: driver initialized
[    3.003972] cacheinfo: Unable to detect cache hierarchy for CPU 0
[    3.012955] libphy: Fixed MDIO Bus: probed
[    3.018502] ehci_hcd: USB 2.0 'Enhanced' Host Controller (EHCI) Driver
[    3.025078] ehci-pci: EHCI PCI platform driver
[    3.029556] ehci-platform: EHCI generic platform driver
[    3.035010] ehci-platform 1c1a000.usb: EHCI Host Controller
[    3.040733] ehci-platform 1c1a000.usb: new USB bus registered, assigned bus number 1
[    3.049229] ehci-platform 1c1a000.usb: irq 11, io mem 0x01c1a000
[    3.079749] ehci-platform 1c1a000.usb: USB 2.0 started, EHCI 1.00
[    3.086057] usb usb1: New USB device found, idVendor=1d6b, idProduct=0002, bcdDevice= 4.19
[    3.094328] usb usb1: New USB device strings: Mfr=3, Product=2, SerialNumber=1
[    3.101554] usb usb1: Product: EHCI Host Controller
[    3.106428] usb usb1: Manufacturer: Linux 4.19.2-1-ARCH ehci_hcd
[    3.112438] usb usb1: SerialNumber: 1c1a000.usb
[    3.117441] hub 1-0:1.0: USB hub found
[    3.121231] hub 1-0:1.0: 1 port detected
[    3.125972] ehci-orion: EHCI orion driver
[    3.130178] tegra-ehci: Tegra EHCI driver
[    3.134276] ohci_hcd: USB 1.1 'Open' Host Controller (OHCI) Driver
[    3.140475] ohci-pci: OHCI PCI platform driver
[    3.144988] ohci-platform: OHCI generic platform driver
[    3.150352] ohci-platform 1c1a400.usb: Generic Platform OHCI controller
[    3.157130] ohci-platform 1c1a400.usb: new USB bus registered, assigned bus number 2
[    3.165111] ohci-platform 1c1a400.usb: irq 12, io mem 0x01c1a400
[    3.243977] usb usb2: New USB device found, idVendor=1d6b, idProduct=0001, bcdDevice= 4.19
[    3.252247] usb usb2: New USB device strings: Mfr=3, Product=2, SerialNumber=1
[    3.259460] usb usb2: Product: Generic Platform OHCI controller
[    3.265384] usb usb2: Manufacturer: Linux 4.19.2-1-ARCH ohci_hcd
[    3.271394] usb usb2: SerialNumber: 1c1a400.usb
[    3.276367] hub 2-0:1.0: USB hub found
[    3.280154] hub 2-0:1.0: 1 port detected
[    3.284834] uhci_hcd: USB Universal Host Controller Interface driver
[    3.291901] usbcore: registered new interface driver uas
[    3.297289] usbcore: registered new interface driver usb-storage
[    3.303337] usbcore: registered new interface driver ums-alauda
[    3.309275] usbcore: registered new interface driver ums-cypress
[    3.315314] usbcore: registered new interface driver ums-datafab
[    3.321355] usbcore: registered new interface driver ums_eneub6250
[    3.327552] usbcore: registered new interface driver ums-freecom
[    3.333593] usbcore: registered new interface driver ums-isd200
[    3.339531] usbcore: registered new interface driver ums-jumpshot
[    3.345661] usbcore: registered new interface driver ums-karma
[    3.351528] usbcore: registered new interface driver ums-onetouch
[    3.357651] usbcore: registered new interface driver ums-realtek
[    3.363690] usbcore: registered new interface driver ums-sddr09
[    3.369629] usbcore: registered new interface driver ums-sddr55
[    3.375582] usbcore: registered new interface driver ums-usbat
[    3.381509] usbcore: registered new interface driver usbserial_generic
[    3.388052] usbserial: USB Serial support registered for generic
[    3.395632] mousedev: PS/2 mouse device common for all mice
[    3.402412] sun6i-rtc 1f00000.rtc: rtc core: registered rtc-sun6i as rtc0
[    3.409194] sun6i-rtc 1f00000.rtc: RTC enabled
[    3.415678] device-mapper: uevent: version 1.0.3
[    3.420597] device-mapper: ioctl: 4.39.0-ioctl (2018-04-03) initialised: dm-devel@redhat.com
[    3.429939] sdhci: Secure Digital Host Controller Interface driver
[    3.436109] sdhci: Copyright(c) Pierre Ossman
[    3.441033] Synopsys Designware Multimedia Card Interface Driver
[    3.448088] sunxi-mmc 1c0f000.mmc: Linked as a consumer to regulator.1
[    3.455211] sunxi-mmc 1c0f000.mmc: Got CD GPIO
[    3.485212] sunxi-mmc 1c0f000.mmc: initialized, max. request size: 16384 KB, uses new timings mode
[    3.494565] sunxi-mmc 1c10000.mmc: Linked as a consumer to regulator.1
[    3.526951] sunxi-mmc 1c10000.mmc: initialized, max. request size: 16384 KB, uses new timings mode
[    3.536535] sdhci-pltfm: SDHCI platform and OF driver helper
[    3.543595] ledtrig-cpu: registered to indicate activity on CPUs
[    3.546723] mmc0: host does not support reading read-only switch, assuming write-enable
[    3.550066] hidraw: raw HID events driver (C) Jiri Kosina
[    3.561247] mmc0: new high speed SDHC card at address 0007
[    3.563207] usbcore: registered new interface driver usbhid
[    3.569925] mmcblk0: mmc0:0007 SD8GB 7.42 GiB 
[    3.574038] usbhid: USB HID core driver
[    3.580476]  mmcblk0: p1
[    3.586240] drop_monitor: Initializing network drop monitor service
[    3.592782] Initializing XFRM netlink socket
[    3.597774] NET: Registered protocol family 10
[    3.611333] Segment Routing with IPv6
[    3.615108] mip6: Mobile IPv6
[    3.618090] NET: Registered protocol family 17
[    3.622729] Key type dns_resolver registered
[    3.627855] registered taskstats version 1
[    3.631986] Loading compiled-in X.509 certificates
[    3.636882] zswap: loaded using pool lzo/zbud
[    3.641461] Key type big_key registered
[    3.647589] mmc1: new high speed SDIO card at address 0001
[    3.656567] Key type encrypted registered
[    3.670770] ehci-platform 1c1b000.usb: EHCI Host Controller
[    3.676580] ehci-platform 1c1b000.usb: new USB bus registered, assigned bus number 3
[    3.685151] ehci-platform 1c1b000.usb: irq 13, io mem 0x01c1b000
[    3.719754] ehci-platform 1c1b000.usb: USB 2.0 started, EHCI 1.00
[    3.726051] usb usb3: New USB device found, idVendor=1d6b, idProduct=0002, bcdDevice= 4.19
[    3.734329] usb usb3: New USB device strings: Mfr=3, Product=2, SerialNumber=1
[    3.741555] usb usb3: Product: EHCI Host Controller
[    3.746427] usb usb3: Manufacturer: Linux 4.19.2-1-ARCH ehci_hcd
[    3.752436] usb usb3: SerialNumber: 1c1b000.usb
[    3.757451] hub 3-0:1.0: USB hub found
[    3.761244] hub 3-0:1.0: 1 port detected
[    3.766478] ehci-platform 1c1c000.usb: EHCI Host Controller
[    3.772240] ehci-platform 1c1c000.usb: new USB bus registered, assigned bus number 4
[    3.780404] ehci-platform 1c1c000.usb: irq 15, io mem 0x01c1c000
[    3.809753] ehci-platform 1c1c000.usb: USB 2.0 started, EHCI 1.00
[    3.816027] usb usb4: New USB device found, idVendor=1d6b, idProduct=0002, bcdDevice= 4.19
[    3.824303] usb usb4: New USB device strings: Mfr=3, Product=2, SerialNumber=1
[    3.831530] usb usb4: Product: EHCI Host Controller
[    3.836402] usb usb4: Manufacturer: Linux 4.19.2-1-ARCH ehci_hcd
[    3.842412] usb usb4: SerialNumber: 1c1c000.usb
[    3.847403] hub 4-0:1.0: USB hub found
[    3.851191] hub 4-0:1.0: 1 port detected
[    3.856387] ehci-platform 1c1d000.usb: EHCI Host Controller
[    3.862143] ehci-platform 1c1d000.usb: new USB bus registered, assigned bus number 5
[    3.870290] ehci-platform 1c1d000.usb: irq 17, io mem 0x01c1d000
[    3.899754] ehci-platform 1c1d000.usb: USB 2.0 started, EHCI 1.00
[    3.906066] usb usb5: New USB device found, idVendor=1d6b, idProduct=0002, bcdDevice= 4.19
[    3.914337] usb usb5: New USB device strings: Mfr=3, Product=2, SerialNumber=1
[    3.921564] usb usb5: Product: EHCI Host Controller
[    3.926438] usb usb5: Manufacturer: Linux 4.19.2-1-ARCH ehci_hcd
[    3.932448] usb usb5: SerialNumber: 1c1d000.usb
[    3.937421] hub 5-0:1.0: USB hub found
[    3.941218] hub 5-0:1.0: 1 port detected
[    3.946428] ohci-platform 1c1b400.usb: Generic Platform OHCI controller
[    3.953230] ohci-platform 1c1b400.usb: new USB bus registered, assigned bus number 6
[    3.961301] ohci-platform 1c1b400.usb: irq 14, io mem 0x01c1b400
[    4.033969] usb usb6: New USB device found, idVendor=1d6b, idProduct=0001, bcdDevice= 4.19
[    4.042242] usb usb6: New USB device strings: Mfr=3, Product=2, SerialNumber=1
[    4.049456] usb usb6: Product: Generic Platform OHCI controller
[    4.055382] usb usb6: Manufacturer: Linux 4.19.2-1-ARCH ohci_hcd
[    4.061394] usb usb6: SerialNumber: 1c1b400.usb
[    4.066502] hub 6-0:1.0: USB hub found
[    4.070289] hub 6-0:1.0: 1 port detected
[    4.075495] ohci-platform 1c1c400.usb: Generic Platform OHCI controller
[    4.082288] ohci-platform 1c1c400.usb: new USB bus registered, assigned bus number 7
[    4.090340] ohci-platform 1c1c400.usb: irq 16, io mem 0x01c1c400
[    4.164025] usb usb7: New USB device found, idVendor=1d6b, idProduct=0001, bcdDevice= 4.19
[    4.172298] usb usb7: New USB device strings: Mfr=3, Product=2, SerialNumber=1
[    4.179511] usb usb7: Product: Generic Platform OHCI controller
[    4.185438] usb usb7: Manufacturer: Linux 4.19.2-1-ARCH ohci_hcd
[    4.191449] usb usb7: SerialNumber: 1c1c400.usb
[    4.196437] hub 7-0:1.0: USB hub found
[    4.200223] hub 7-0:1.0: 1 port detected
[    4.205425] ohci-platform 1c1d400.usb: Generic Platform OHCI controller
[    4.212219] ohci-platform 1c1d400.usb: new USB bus registered, assigned bus number 8
[    4.220234] ohci-platform 1c1d400.usb: irq 18, io mem 0x01c1d400
[    4.293926] usb usb8: New USB device found, idVendor=1d6b, idProduct=0001, bcdDevice= 4.19
[    4.302199] usb usb8: New USB device strings: Mfr=3, Product=2, SerialNumber=1
[    4.309412] usb usb8: Product: Generic Platform OHCI controller
[    4.315338] usb usb8: Manufacturer: Linux 4.19.2-1-ARCH ohci_hcd
[    4.321349] usb usb8: SerialNumber: 1c1d400.usb
[    4.326338] hub 8-0:1.0: USB hub found
[    4.330122] hub 8-0:1.0: 1 port detected
[    4.335406] usb_phy_generic usb_phy_generic.0.auto: usb_phy_generic.0.auto supply vcc not found, using dummy regulator
[    4.346194] usb_phy_generic usb_phy_generic.0.auto: Linked as a consumer to regulator.0
[    4.354971] sun6i-rtc 1f00000.rtc: setting system clock to 1970-01-01 00:08:00 UTC (480)
[    4.363475] gmac-3v3: disabling
[    4.366615] ALSA device list:
[    4.369578]   No soundcards found.
[    4.379489] Freeing unused kernel memory: 1600K
[    4.419764] Run /init as init process
[    5.235086] random: fast init done
[    5.555478] EXT4-fs (mmcblk0p1): mounted filesystem with ordered data mode. Opts: (null)
[    6.528892] systemd[1]: System time before build time, advancing clock.
[    6.571430] systemd[1]: systemd 239 running in system mode. (+PAM +AUDIT -SELINUX -IMA -APPARMOR +SMACK -SYSVINIT +UTMP +LIBCRYPTSETUP +GCRYPT +GNUTLS +ACL +XZ +LZ4 +SECCOMP +BLKID +ELFUTILS +KMOD +IDN2 -IDN +PCRE2 default-hierarchy=hybrid)
[    6.593151] systemd[1]: Detected architecture arm64.
[    6.630822] systemd[1]: Set hostname to <alarm>.
[    7.477649] random: systemd: uninitialized urandom read (16 bytes read)
[    7.484382] systemd[1]: Reached target Swap.
[    7.519920] random: systemd: uninitialized urandom read (16 bytes read)
[    7.527101] systemd[1]: Listening on udev Control Socket.
[    7.559848] random: systemd: uninitialized urandom read (16 bytes read)
[    7.566492] systemd[1]: Reached target Remote File Systems.
[    7.600641] systemd[1]: Set up automount Arbitrary Executable File Formats File System Automount Point.
[    7.640359] systemd[1]: Listening on Journal Socket (/dev/log).
[    7.670090] systemd[1]: Started Dispatch Password Requests to Console Directory Watch.
[    7.710115] systemd[1]: Listening on Device-mapper event daemon FIFOs.
[    9.480030] systemd-journald[302]: Received request to flush runtime journal from PID 1
[    9.896468] sunxi-wdt 1c20ca0.watchdog: Watchdog enabled (timeout=16 sec, nowayout=0)
[   10.029817] dwmac-sun8i 1c30000.ethernet: PTP uses main clock
[   10.035726] dwmac-sun8i 1c30000.ethernet: Linked as a consumer to regulator.2
[   10.161012] dwmac-sun8i 1c30000.ethernet: Current syscon value is not the default 50006 (expect 58000)
[   10.170386] dwmac-sun8i 1c30000.ethernet: No HW DMA feature register supported
[   10.177602] dwmac-sun8i 1c30000.ethernet: RX Checksum Offload Engine supported
[   10.184840] dwmac-sun8i 1c30000.ethernet: COE Type 2
[   10.189831] dwmac-sun8i 1c30000.ethernet: TX Checksum insertion supported
[   10.196614] dwmac-sun8i 1c30000.ethernet: Normal descriptors
[   10.202292] dwmac-sun8i 1c30000.ethernet: Chain mode enabled
[   10.208167] libphy: stmmac: probed
[   10.212363] dwmac-sun8i 1c30000.ethernet: Found internal PHY node
[   10.218643] libphy: mdio_mux: probed
[   10.222283] dwmac-sun8i 1c30000.ethernet: Switch mux to internal PHY
[   10.228637] dwmac-sun8i 1c30000.ethernet: Powering internal PHY
[   10.239559] libphy: mdio_mux: probed
[   10.244688] dwmac-sun8i 1c30000.ethernet: Switch mux to external PHY
[   10.330645] RTL8211E Gigabit Ethernet 0.2:01: attached PHY driver [RTL8211E Gigabit Ethernet] (mii_bus:phy_addr=0.2:01, irq=POLL)
[   10.359314] dwmac-sun8i 1c30000.ethernet eth0: No Safety Features support found
[   10.366748] dwmac-sun8i 1c30000.ethernet eth0: No MAC Management Counters available
[   10.374504] dwmac-sun8i 1c30000.ethernet eth0: PTP not supported by HW
[   10.386718] IPv6: ADDRCONF(NETDEV_UP): eth0: link is not ready
[   11.623461] random: crng init done
[   11.626879] random: 7 urandom warning(s) missed due to ratelimiting
[   14.570571] dwmac-sun8i 1c30000.ethernet eth0: Link is Up - 1Gbps/Full - flow control rx/tx
[   14.578951] IPv6: ADDRCONF(NETDEV_CHANGE): eth0: link becomes ready
[   15.770562] dwmac-sun8i 1c30000.ethernet eth0: Too many address, switching to promiscuous
