U-Boot SPL 2019.10-2 (Oct 31 2019 - 16:06:07 +0000)
DRAM: 1024 MiB
Trying to boot from MMC1
NOTICE:  BL31: v2.1(release):
NOTICE:  BL31: Built : 16:06:07, Oct 31 2019
NOTICE:  BL31: Detected Allwinner H5 SoC (1718)
NOTICE:  BL31: Found U-Boot DTB at 0x4094db0, model: Xunlong Orange Pi PC 2
NOTICE:  BL31: PMIC: Defaulting to PortL GPIO according to H5 reference design.

U-Boot 2019.10-2 (Oct 31 2019 - 16:06:07 +0000) Arch Linux ARM

CPU:   Allwinner H5 (SUN50I)
Model: Xunlong Orange Pi PC 2
DRAM:  1 GiB
MMC:   mmc@1c0f000: 0
In:    serial
Out:   serial
Err:   serial
Allwinner mUSB OTG (Peripheral)
Net:   phy interface7
eth0: ethernet@1c30000
Warning: usb_ether using MAC address from ROM
, eth1: usb_ether
starting USB...
Bus usb@1c1a000: USB EHCI 1.00
Bus usb@1c1a400: USB OHCI 1.0
Bus usb@1c1b000: USB EHCI 1.00
Bus usb@1c1b400: USB OHCI 1.0
Bus usb@1c1c000: USB EHCI 1.00
Bus usb@1c1c400: USB OHCI 1.0
Bus usb@1c1d000: USB EHCI 1.00
Bus usb@1c1d400: USB OHCI 1.0
scanning bus usb@1c1a000 for devices... 1 USB Device(s) found
scanning bus usb@1c1a400 for devices... 1 USB Device(s) found
scanning bus usb@1c1b000 for devices... 1 USB Device(s) found
scanning bus usb@1c1b400 for devices... 1 USB Device(s) found
scanning bus usb@1c1c000 for devices... 1 USB Device(s) found
scanning bus usb@1c1c400 for devices... 1 USB Device(s) found
scanning bus usb@1c1d000 for devices... 1 USB Device(s) found
scanning bus usb@1c1d400 for devices... 1 USB Device(s) found
       scanning usb for storage devices... 0 Storage Device(s) found
Hit any key to stop autoboot:  2  1  0 
switch to partitions #0, OK
mmc0 is current device
Scanning mmc 0:1...
Found U-Boot script /boot.scr
2479 bytes read in 2 ms (1.2 MiB/s)
## Executing script at 4fc00000
27013632 bytes read in 1191 ms (21.6 MiB/s)
24062 bytes read in 4 ms (5.7 MiB/s)
7153655 bytes read in 317 ms (21.5 MiB/s)
## Flattened Device Tree blob at 4fa00000
   Booting using the fdt blob at 0x4fa00000
   Loading Ramdisk to 4992d000, end 49fff7f7 ... OK
   Loading Device Tree to 0000000049924000, end 000000004992cdfd ... OK

Starting kernel ...

[    0.000000] Booting Linux on physical CPU 0x0000000000 [0x410fd034]
[    0.000000] Linux version 5.3.8-2-ARCH (alarm@al-aarch64) (gcc version 8.3.0 (GCC)) #1 SMP Sat Nov 2 19:19:58 CET 2019
[    0.000000] Machine model: Xunlong Orange Pi PC 2
[    0.000000] efi: Getting EFI parameters from FDT:
[    0.000000] efi: UEFI not found.
[    0.000000] cma: Reserved 64 MiB at 0x000000007c000000
[    0.000000] psci: probing for conduit method from DT.
[    0.000000] psci: PSCIv1.1 detected in firmware.
[    0.000000] psci: Using standard PSCI v0.2 function IDs
[    0.000000] psci: MIGRATE_INFO_TYPE not supported.
[    0.000000] psci: SMC Calling Convention v1.1
[    0.000000] percpu: Embedded 30 pages/cpu s85272 r8192 d29416 u122880
[    0.000000] Detected VIPT I-cache on CPU0
[    0.000000] Speculative Store Bypass Disable mitigation not required
[    0.000000] Built 1 zonelists, mobility grouping on.  Total pages: 258048
[    0.000000] Kernel command line: console=ttyS0,115200 root=PARTUUID=1edb253c-02 rw rootwait audit=0
[    0.000000] audit: disabled (until reboot)
[    0.000000] Dentry cache hash table entries: 131072 (order: 8, 1048576 bytes, linear)
[    0.000000] Inode-cache hash table entries: 65536 (order: 7, 524288 bytes, linear)
[    0.000000] mem auto-init: stack:off, heap alloc:off, heap free:off
[    0.000000] Memory: 928104K/1048576K available (14780K kernel code, 2700K rwdata, 6832K rodata, 1984K init, 828K bss, 54936K reserved, 65536K cma-reserved)
[    0.000000] random: get_random_u64 called from cache_random_seq_create+0x88/0x158 with crng_init=0
[    0.000000] SLUB: HWalign=64, Order=0-3, MinObjects=0, CPUs=4, Nodes=1
[    0.000000] ftrace: allocating 51180 entries in 200 pages
[    0.000000] rcu: Hierarchical RCU implementation.
[    0.000000] rcu: 	RCU restricting CPUs from NR_CPUS=8 to nr_cpu_ids=4.
[    0.000000] 	Tasks RCU enabled.
[    0.000000] rcu: RCU calculated value of scheduler-enlistment delay is 10 jiffies.
[    0.000000] rcu: Adjusting geometry for rcu_fanout_leaf=16, nr_cpu_ids=4
[    0.000000] NR_IRQS: 64, nr_irqs: 64, preallocated irqs: 0
[    0.000000] GIC: Using split EOI/Deactivate mode
[    0.000000] arch_timer: cp15 timer(s) running at 24.00MHz (phys).
[    0.000000] clocksource: arch_sys_counter: mask: 0xffffffffffffff max_cycles: 0x588fe9dc0, max_idle_ns: 440795202592 ns
[    0.000005] sched_clock: 56 bits at 24MHz, resolution 41ns, wraps every 4398046511097ns
[    0.000226] Console: colour dummy device 80x25
[    0.000274] Calibrating delay loop (skipped), value calculated using timer frequency.. 48.00 BogoMIPS (lpj=240000)
[    0.000286] pid_max: default: 32768 minimum: 301
[    0.000492] LSM: Security Framework initializing
[    0.000511] Yama: becoming mindful.
[    0.000593] Mount-cache hash table entries: 2048 (order: 2, 16384 bytes, linear)
[    0.000610] Mountpoint-cache hash table entries: 2048 (order: 2, 16384 bytes, linear)
[    0.001251] *** VALIDATE proc ***
[    0.001517] *** VALIDATE cgroup1 ***
[    0.001526] *** VALIDATE cgroup2 ***
[    0.002382] ASID allocator initialised with 32768 entries
[    0.002479] rcu: Hierarchical SRCU implementation.
[    0.005728] EFI services will not be available.
[    0.006193] smp: Bringing up secondary CPUs ...
[    0.007498] Detected VIPT I-cache on CPU1
[    0.007560] CPU1: Booted secondary processor 0x0000000001 [0x410fd034]
[    0.008666] Detected VIPT I-cache on CPU2
[    0.008702] CPU2: Booted secondary processor 0x0000000002 [0x410fd034]
[    0.009681] Detected VIPT I-cache on CPU3
[    0.009714] CPU3: Booted secondary processor 0x0000000003 [0x410fd034]
[    0.009801] smp: Brought up 1 node, 4 CPUs
[    0.009821] SMP: Total of 4 processors activated.
[    0.009829] CPU features: detected: 32-bit EL0 Support
[    0.009838] CPU features: detected: CRC32 instructions
[    0.010416] CPU: All CPU(s) started at EL2
[    0.010459] alternatives: patching kernel code
[    0.012366] devtmpfs: initialized
[    0.017930] clocksource: jiffies: mask: 0xffffffff max_cycles: 0xffffffff, max_idle_ns: 19112604462750000 ns
[    0.017955] futex hash table entries: 1024 (order: 4, 65536 bytes, linear)
[    0.020861] pinctrl core: initialized pinctrl subsystem
[    0.021924] DMI not present or invalid.
[    0.022384] NET: Registered protocol family 16
[    0.023947] cpuidle: using governor ladder
[    0.023970] cpuidle: using governor menu
[    0.024269] hw-breakpoint: found 6 breakpoint and 4 watchpoint registers.
[    0.026049] DMA: preallocated 256 KiB pool for atomic allocations
[    0.026765] Serial: AMBA PL011 UART driver
[    0.047789] HugeTLB registered 1.00 GiB page size, pre-allocated 0 pages
[    0.047803] HugeTLB registered 32.0 MiB page size, pre-allocated 0 pages
[    0.047811] HugeTLB registered 2.00 MiB page size, pre-allocated 0 pages
[    0.047819] HugeTLB registered 64.0 KiB page size, pre-allocated 0 pages
[    1.689837] cryptd: max_cpu_qlen set to 1000
[    1.702747] alg: No test for lzo-rle (lzo-rle-generic)
[    1.702969] alg: No test for lzo-rle (lzo-rle-scomp)
[    1.718889] ACPI: Interpreter disabled.
[    1.720435] vgaarb: loaded
[    1.721479] SCSI subsystem initialized
[    1.721923] usbcore: registered new interface driver usbfs
[    1.721968] usbcore: registered new interface driver hub
[    1.722044] usbcore: registered new device driver usb
[    1.722656] pps_core: LinuxPPS API ver. 1 registered
[    1.722662] pps_core: Software ver. 5.3.6 - Copyright 2005-2007 Rodolfo Giometti <giometti@linux.it>
[    1.722686] PTP clock support registered
[    1.722905] EDAC MC: Ver: 3.0.0
[    1.723824] Advanced Linux Sound Architecture Driver Initialized.
[    1.724367] NetLabel: Initializing
[    1.724374] NetLabel:  domain hash size = 128
[    1.724379] NetLabel:  protocols = UNLABELED CIPSOv4 CALIPSO
[    1.724448] NetLabel:  unlabeled traffic allowed by default
[    1.724870] clocksource: Switched to clocksource arch_sys_counter
[    2.758685] VFS: Disk quotas dquot_6.6.0
[    2.758763] VFS: Dquot-cache hash table entries: 512 (order 0, 4096 bytes)
[    2.758875] *** VALIDATE hugetlbfs ***
[    2.759285] pnp: PnP ACPI: disabled
[    2.766245] thermal_sys: Registered thermal governor 'fair_share'
[    2.766250] thermal_sys: Registered thermal governor 'bang_bang'
[    2.766260] thermal_sys: Registered thermal governor 'step_wise'
[    2.766266] thermal_sys: Registered thermal governor 'user_space'
[    2.766272] thermal_sys: Registered thermal governor 'power_allocator'
[    2.766770] NET: Registered protocol family 2
[    2.767379] tcp_listen_portaddr_hash hash table entries: 512 (order: 1, 8192 bytes, linear)
[    2.767410] TCP established hash table entries: 8192 (order: 4, 65536 bytes, linear)
[    2.767498] TCP bind hash table entries: 8192 (order: 5, 131072 bytes, linear)
[    2.767670] TCP: Hash tables configured (established 8192 bind 8192)
[    2.767798] UDP hash table entries: 512 (order: 2, 16384 bytes, linear)
[    2.767836] UDP-Lite hash table entries: 512 (order: 2, 16384 bytes, linear)
[    2.768033] NET: Registered protocol family 1
[    2.768666] RPC: Registered named UNIX socket transport module.
[    2.768673] RPC: Registered udp transport module.
[    2.768678] RPC: Registered tcp transport module.
[    2.768684] RPC: Registered tcp NFSv4.1 backchannel transport module.
[    2.768697] PCI: CLS 0 bytes, default 64
[    2.768881] Trying to unpack rootfs image as initramfs...
[    3.181234] Freeing initrd memory: 6984K
[    3.182055] kvm [1]: IPA Size Limit: 40bits
[    3.183138] kvm [1]: vgic interrupt IRQ1
[    3.183286] kvm [1]: Hyp mode initialized successfully
[    3.819379] Initialise system trusted keyrings
[    3.819588] workingset: timestamp_bits=46 max_order=18 bucket_order=0
[    3.826473] zbud: loaded
[    3.829083] NFS: Registering the id_resolver key type
[    3.829110] Key type id_resolver registered
[    3.829117] Key type id_legacy registered
[    3.829130] nfs4filelayout_init: NFSv4 File Layout Driver Registering...
[    3.829322] SGI XFS with ACLs, security attributes, no debug enabled
[    3.857460] NET: Registered protocol family 38
[    3.857483] Key type asymmetric registered
[    3.857490] Asymmetric key parser 'x509' registered
[    3.857562] Block layer SCSI generic (bsg) driver version 0.4 loaded (major 242)
[    3.857784] io scheduler mq-deadline registered
[    3.857791] io scheduler kyber registered
[    3.858005] io scheduler bfq registered
[    3.859666] sun4i-usb-phy 1c19400.phy: Couldn't request ID GPIO
[    3.864988] sun8i-h3-r-pinctrl 1f02c00.pinctrl: initialized sunXi PIO driver
[    3.868874] sun50i-h5-pinctrl 1c20800.pinctrl: initialized sunXi PIO driver
[    3.871356] IPMI message handler: version 39.2
[    3.883147] Serial: 8250/16550 driver, 4 ports, IRQ sharing enabled
[    3.885002] sun50i-h5-pinctrl 1c20800.pinctrl: 1c20800.pinctrl supply vcc-pa not found, using dummy regulator
[    3.885454] printk: console [ttyS0] disabled
[    3.906161] 1c28000.serial: ttyS0 at MMIO 0x1c28000 (irq = 27, base_baud = 1500000) is a U6_16550A
[    4.706280] printk: console [ttyS0] enabled
[    4.711730] msm_serial: driver initialized
[    4.717916] cacheinfo: Unable to detect cache hierarchy for CPU 0
[    4.727306] sun50i-h5-pinctrl 1c20800.pinctrl: 1c20800.pinctrl supply vcc-pc not found, using dummy regulator
[    4.738143] m25p80 spi0.0: mx25l1606e (2048 Kbytes)
[    4.756287] libphy: Fixed MDIO Bus: probed
[    4.762520] ehci_hcd: USB 2.0 'Enhanced' Host Controller (EHCI) Driver
[    4.769081] ehci-pci: EHCI PCI platform driver
[    4.773566] ehci-platform: EHCI generic platform driver
[    4.779027] ehci-platform 1c1a000.usb: EHCI Host Controller
[    4.784741] ehci-platform 1c1a000.usb: new USB bus registered, assigned bus number 1
[    4.792625] ehci-platform 1c1a000.usb: irq 10, io mem 0x01c1a000
[    4.824891] ehci-platform 1c1a000.usb: USB 2.0 started, EHCI 1.00
[    4.831226] usb usb1: New USB device found, idVendor=1d6b, idProduct=0002, bcdDevice= 5.03
[    4.839503] usb usb1: New USB device strings: Mfr=3, Product=2, SerialNumber=1
[    4.846729] usb usb1: Product: EHCI Host Controller
[    4.851601] usb usb1: Manufacturer: Linux 5.3.8-2-ARCH ehci_hcd
[    4.857522] usb usb1: SerialNumber: 1c1a000.usb
[    4.862515] hub 1-0:1.0: USB hub found
[    4.866309] hub 1-0:1.0: 1 port detected
[    4.871091] ehci-orion: EHCI orion driver
[    4.875307] tegra-ehci: Tegra EHCI driver
[    4.879425] ohci_hcd: USB 1.1 'Open' Host Controller (OHCI) Driver
[    4.885624] ohci-pci: OHCI PCI platform driver
[    4.890154] ohci-platform: OHCI generic platform driver
[    4.895540] ohci-platform 1c1a400.usb: Generic Platform OHCI controller
[    4.902338] ohci-platform 1c1a400.usb: new USB bus registered, assigned bus number 2
[    4.910196] ohci-platform 1c1a400.usb: irq 11, io mem 0x01c1a400
[    4.989044] usb usb2: New USB device found, idVendor=1d6b, idProduct=0001, bcdDevice= 5.03
[    4.997316] usb usb2: New USB device strings: Mfr=3, Product=2, SerialNumber=1
[    5.004531] usb usb2: Product: Generic Platform OHCI controller
[    5.010457] usb usb2: Manufacturer: Linux 5.3.8-2-ARCH ohci_hcd
[    5.016379] usb usb2: SerialNumber: 1c1a400.usb
[    5.021375] hub 2-0:1.0: USB hub found
[    5.025165] hub 2-0:1.0: 1 port detected
[    5.029933] uhci_hcd: USB Universal Host Controller Interface driver
[    5.037157] usbcore: registered new interface driver uas
[    5.042546] usbcore: registered new interface driver usb-storage
[    5.048590] usbcore: registered new interface driver ums-alauda
[    5.054534] usbcore: registered new interface driver ums-cypress
[    5.060574] usbcore: registered new interface driver ums-datafab
[    5.066611] usbcore: registered new interface driver ums_eneub6250
[    5.072816] usbcore: registered new interface driver ums-freecom
[    5.078857] usbcore: registered new interface driver ums-isd200
[    5.084796] usbcore: registered new interface driver ums-jumpshot
[    5.090920] usbcore: registered new interface driver ums-karma
[    5.096792] usbcore: registered new interface driver ums-onetouch
[    5.102917] usbcore: registered new interface driver ums-realtek
[    5.108956] usbcore: registered new interface driver ums-sddr09
[    5.114910] usbcore: registered new interface driver ums-sddr55
[    5.120849] usbcore: registered new interface driver ums-usbat
[    5.126782] usbcore: registered new interface driver usbserial_generic
[    5.133328] usbserial: USB Serial support registered for generic
[    5.141248] mousedev: PS/2 mouse device common for all mice
[    5.150518] device-mapper: uevent: version 1.0.3
[    5.155459] device-mapper: ioctl: 4.40.0-ioctl (2019-01-18) initialised: dm-devel@redhat.com
[    5.165132] sdhci: Secure Digital Host Controller Interface driver
[    5.171304] sdhci: Copyright(c) Pierre Ossman
[    5.176354] Synopsys Designware Multimedia Card Interface Driver
[    5.183358] sun50i-h5-pinctrl 1c20800.pinctrl: 1c20800.pinctrl supply vcc-pf not found, using dummy regulator
[    5.193991] sunxi-mmc 1c0f000.mmc: Got CD GPIO
[    5.223943] sunxi-mmc 1c0f000.mmc: initialized, max. request size: 16384 KB, uses new timings mode
[    5.233556] sdhci-pltfm: SDHCI platform and OF driver helper
[    5.240642] sun8i-h3-r-pinctrl 1f02c00.pinctrl: 1f02c00.pinctrl supply vcc-pl not found, using dummy regulator
[    5.251230] ledtrig-cpu: registered to indicate activity on CPUs
[    5.258039] hidraw: raw HID events driver (C) Jiri Kosina
[    5.263602] usbcore: registered new interface driver usbhid
[    5.269186] usbhid: USB HID core driver
[    5.277634] drop_monitor: Initializing network drop monitor service
[    5.284153] Initializing XFRM netlink socket
[    5.289184] NET: Registered protocol family 10
[    5.326223] mmc0: host does not support reading read-only switch, assuming write-enable
[    5.337808] mmc0: new high speed SDHC card at address 1234
[    5.340445] Segment Routing with IPv6
[    5.344768] mmcblk0: mmc0:1234 SA16G 14.5 GiB 
[    5.347080] mip6: Mobile IPv6
[    5.354436] NET: Registered protocol family 17
[    5.359032]  mmcblk0: p1 p2
[    5.359191] Key type dns_resolver registered
[    5.366861] registered taskstats version 1
[    5.370955] Loading compiled-in X.509 certificates
[    5.375909] zswap: loaded using pool lzo/zbud
[    5.380504] Key type big_key registered
[    5.403083] Key type encrypted registered
[    5.415266] sun50i-h5-pinctrl 1c20800.pinctrl: 1c20800.pinctrl supply vcc-pd not found, using dummy regulator
[    5.426294] sun50i-h5-pinctrl 1c20800.pinctrl: 1c20800.pinctrl supply vcc-pg not found, using dummy regulator
[    5.437995] ehci-platform 1c1b000.usb: EHCI Host Controller
[    5.443801] ehci-platform 1c1b000.usb: new USB bus registered, assigned bus number 3
[    5.451697] ehci-platform 1c1b000.usb: irq 12, io mem 0x01c1b000
[    5.484892] ehci-platform 1c1b000.usb: USB 2.0 started, EHCI 1.00
[    5.491223] usb usb3: New USB device found, idVendor=1d6b, idProduct=0002, bcdDevice= 5.03
[    5.499504] usb usb3: New USB device strings: Mfr=3, Product=2, SerialNumber=1
[    5.506729] usb usb3: Product: EHCI Host Controller
[    5.511602] usb usb3: Manufacturer: Linux 5.3.8-2-ARCH ehci_hcd
[    5.517528] usb usb3: SerialNumber: 1c1b000.usb
[    5.522531] hub 3-0:1.0: USB hub found
[    5.526326] hub 3-0:1.0: 1 port detected
[    5.531681] ehci-platform 1c1c000.usb: EHCI Host Controller
[    5.537462] ehci-platform 1c1c000.usb: new USB bus registered, assigned bus number 4
[    5.545339] ehci-platform 1c1c000.usb: irq 14, io mem 0x01c1c000
[    5.574890] ehci-platform 1c1c000.usb: USB 2.0 started, EHCI 1.00
[    5.581169] usb usb4: New USB device found, idVendor=1d6b, idProduct=0002, bcdDevice= 5.03
[    5.589442] usb usb4: New USB device strings: Mfr=3, Product=2, SerialNumber=1
[    5.596667] usb usb4: Product: EHCI Host Controller
[    5.601539] usb usb4: Manufacturer: Linux 5.3.8-2-ARCH ehci_hcd
[    5.607462] usb usb4: SerialNumber: 1c1c000.usb
[    5.612432] hub 4-0:1.0: USB hub found
[    5.616221] hub 4-0:1.0: 1 port detected
[    5.621552] ehci-platform 1c1d000.usb: EHCI Host Controller
[    5.627328] ehci-platform 1c1d000.usb: new USB bus registered, assigned bus number 5
[    5.635208] ehci-platform 1c1d000.usb: irq 16, io mem 0x01c1d000
[    5.664890] ehci-platform 1c1d000.usb: USB 2.0 started, EHCI 1.00
[    5.671164] usb usb5: New USB device found, idVendor=1d6b, idProduct=0002, bcdDevice= 5.03
[    5.679437] usb usb5: New USB device strings: Mfr=3, Product=2, SerialNumber=1
[    5.686663] usb usb5: Product: EHCI Host Controller
[    5.691535] usb usb5: Manufacturer: Linux 5.3.8-2-ARCH ehci_hcd
[    5.697459] usb usb5: SerialNumber: 1c1d000.usb
[    5.702440] hub 5-0:1.0: USB hub found
[    5.706235] hub 5-0:1.0: 1 port detected
[    5.711539] ohci-platform 1c1b400.usb: Generic Platform OHCI controller
[    5.718360] ohci-platform 1c1b400.usb: new USB bus registered, assigned bus number 6
[    5.726215] ohci-platform 1c1b400.usb: irq 13, io mem 0x01c1b400
[    5.799042] usb usb6: New USB device found, idVendor=1d6b, idProduct=0001, bcdDevice= 5.03
[    5.807317] usb usb6: New USB device strings: Mfr=3, Product=2, SerialNumber=1
[    5.814530] usb usb6: Product: Generic Platform OHCI controller
[    5.820458] usb usb6: Manufacturer: Linux 5.3.8-2-ARCH ohci_hcd
[    5.826381] usb usb6: SerialNumber: 1c1b400.usb
[    5.831431] hub 6-0:1.0: USB hub found
[    5.835226] hub 6-0:1.0: 1 port detected
[    5.840548] ohci-platform 1c1c400.usb: Generic Platform OHCI controller
[    5.847385] ohci-platform 1c1c400.usb: new USB bus registered, assigned bus number 7
[    5.855275] ohci-platform 1c1c400.usb: irq 15, io mem 0x01c1c400
[    5.929089] usb usb7: New USB device found, idVendor=1d6b, idProduct=0001, bcdDevice= 5.03
[    5.937362] usb usb7: New USB device strings: Mfr=3, Product=2, SerialNumber=1
[    5.944576] usb usb7: Product: Generic Platform OHCI controller
[    5.950505] usb usb7: Manufacturer: Linux 5.3.8-2-ARCH ohci_hcd
[    5.956428] usb usb7: SerialNumber: 1c1c400.usb
[    5.961435] hub 7-0:1.0: USB hub found
[    5.965224] hub 7-0:1.0: 1 port detected
[    5.970546] ohci-platform 1c1d400.usb: Generic Platform OHCI controller
[    5.977374] ohci-platform 1c1d400.usb: new USB bus registered, assigned bus number 8
[    5.985230] ohci-platform 1c1d400.usb: irq 17, io mem 0x01c1d400
[    6.059140] usb usb8: New USB device found, idVendor=1d6b, idProduct=0001, bcdDevice= 5.03
[    6.067414] usb usb8: New USB device strings: Mfr=3, Product=2, SerialNumber=1
[    6.074628] usb usb8: Product: Generic Platform OHCI controller
[    6.080555] usb usb8: Manufacturer: Linux 5.3.8-2-ARCH ohci_hcd
[    6.086479] usb usb8: SerialNumber: 1c1d400.usb
[    6.091486] hub 8-0:1.0: USB hub found
[    6.095273] hub 8-0:1.0: 1 port detected
[    6.100709] usb_phy_generic usb_phy_generic.0.auto: usb_phy_generic.0.auto supply vcc not found, using dummy regulator
[    6.112005] musb-hdrc musb-hdrc.1.auto: MUSB HDRC host driver
[    6.117949] musb-hdrc musb-hdrc.1.auto: new USB bus registered, assigned bus number 9
[    6.125956] usb usb9: New USB device found, idVendor=1d6b, idProduct=0002, bcdDevice= 5.03
[    6.134211] usb usb9: New USB device strings: Mfr=3, Product=2, SerialNumber=1
[    6.141436] usb usb9: Product: MUSB HDRC host driver
[    6.146408] usb usb9: Manufacturer: Linux 5.3.8-2-ARCH musb-hcd
[    6.152320] usb usb9: SerialNumber: musb-hdrc.1.auto
[    6.157729] hub 9-0:1.0: USB hub found
[    6.161511] hub 9-0:1.0: 1 port detected
[    6.166218] hctosys: unable to open rtc device (rtc0)
[    6.171672] ALSA device list:
[    6.174641]   No soundcards found.
[    6.186127] Freeing unused kernel memory: 1984K
[    6.194964] Run /init as init process
[    6.663005] input: r-gpio-keys as /devices/platform/r-gpio-keys/input/input0
[    7.806999] F2FS-fs (mmcblk0p2): Found nat_bits in checkpoint
[    7.935054] F2FS-fs (mmcblk0p2): Mounted with checkpoint version = 5054f109
[    8.606851] systemd[1]: System time before build time, advancing clock.
[    8.636699] systemd[1]: systemd 243.78-1-arch running in system mode. (+PAM +AUDIT -SELINUX -IMA -APPARMOR +SMACK -SYSVINIT +UTMP +LIBCRYPTSETUP +GCRYPT +GNUTLS +ACL +XZ +LZ4 +SECCOMP +BLKID +ELFUTILS +KMOD +IDN2 -IDN +PCRE2 default-hierarchy=hybrid)
[    8.659435] systemd[1]: Detected architecture arm64.
[    8.715757] systemd[1]: Set hostname to <CcTnSrv>.
[    9.612053] random: systemd: uninitialized urandom read (16 bytes read)
[    9.622377] systemd[1]: Created slice system-getty.slice.
[    9.655179] random: systemd: uninitialized urandom read (16 bytes read)
[    9.663048] systemd[1]: Created slice system-serial\x2dgetty.slice.
[    9.695036] random: systemd: uninitialized urandom read (16 bytes read)
[    9.702886] systemd[1]: Created slice system-systemd\x2dfsck.slice.
[    9.736661] systemd[1]: Created slice User and Session Slice.
[    9.765334] systemd[1]: Started Dispatch Password Requests to Console Directory Watch.
[    9.805194] systemd[1]: Started Forward Password Requests to Wall Directory Watch.
[    9.845898] systemd[1]: Set up automount Arbitrary Executable File Formats File System Automount Point.
[   13.400926] random: crng init done
[   13.404346] random: 7 urandom warning(s) missed due to ratelimiting
[   14.450288] mc: Linux media interface: v0.10
[   14.456579] bridge: filtering via arp/ip/ip6tables is no longer available by default. Update your scripts to load br_netfilter if you need this.
[   14.515711] videodev: Linux video capture interface: v2.00
[   14.575578] sunxi_cedrus: module is from the staging directory, the quality is unknown, you have been warned.
[   14.589499] cedrus 1c0e000.video-codec: Device registered as /dev/video0
[   14.827613] sunxi-wdt 1c20ca0.watchdog: Watchdog enabled (timeout=16 sec, nowayout=0)
[   14.839617] lima 1e80000.gpu: bus rate = 200000000
[   14.840215] sun4i-codec 1c22c00.codec: ASoC: codec-analog@1f015c0 not registered
[   14.844456] lima 1e80000.gpu: mod rate = 384000000
[   14.851923] sun4i-codec 1c22c00.codec: Failed to register our card
[   14.868570] lima 1e80000.gpu: gp - mali450 version major 0 minor 0
[   14.876441] lima 1e80000.gpu: pp0 - mali450 version major 0 minor 0
[   14.888260] debugfs: Directory '1c22c00.codec' with parent 'H3 Audio Codec' already present!
[   14.889244] lima 1e80000.gpu: pp1 - mali450 version major 0 minor 0
[   14.896763] sun4i-codec 1c22c00.codec: ASoC: Failed to create component debugfs directory: -17
[   14.906404] lima 1e80000.gpu: pp2 - mali450 version major 0 minor 0
[   14.919044] Registered IR keymap rc-empty
[   14.920126] lima 1e80000.gpu: pp3 - mali450 version major 0 minor 0
[   14.924154] rc rc0: sunxi-ir as /devices/platform/soc/1f02000.ir/rc/rc0
[   14.932868] lima 1e80000.gpu: l2 cache 8K, 4-way, 64byte cache line, 128bit external bus
[   14.940870] input: sunxi-ir as /devices/platform/soc/1f02000.ir/rc/rc0/input1
[   14.948452] lima 1e80000.gpu: l2 cache 128K, 4-way, 64byte cache line, 128bit external bus
[   14.956101] rc rc0: lirc_dev: driver sunxi-ir registered at minor = 0, raw IR receiver, no transmitter
[   14.965973] dwmac-sun8i 1c30000.ethernet: PTP uses main clock
[   14.973684] sunxi-ir 1f02000.ir: initialized sunXi IR driver
[   14.979865] [drm] Initialized lima 1.0.0 20190217 for 1e80000.gpu on minor 0
[   14.992821] sun4i-codec 1c22c00.codec: Codec <-> 1c22c00.codec mapping ok
[   14.999768] sun4i-codec 1c22c00.codec: ASoC: no DMI vendor name!
[   15.027120] sun4i-drm display-engine: bound 1100000.mixer (ops sun8i_mixer_ops [sun8i_mixer])
[   15.036241] sun4i-drm display-engine: bound 1c0c000.lcd-controller (ops sun4i_tcon_ops [sun4i_tcon])
[   15.045699] sun8i-dw-hdmi 1ee0000.hdmi: 1ee0000.hdmi supply hvcc not found, using dummy regulator
[   15.055756] sun8i-dw-hdmi 1ee0000.hdmi: Detected HDMI TX controller v1.32a with HDCP (sun8i_dw_hdmi_phy)
[   15.072227] sun8i-dw-hdmi 1ee0000.hdmi: registered DesignWare HDMI I2C bus driver
[   15.081226] sun4i-drm display-engine: bound 1ee0000.hdmi (ops sun8i_dw_hdmi_ops [sun8i_drm_hdmi])
[   15.090849] [drm] Supports vblank timestamp caching Rev 2 (21.10.2013).
[   15.102898] [drm] No driver support for vblank timestamp query.
[   15.105993] dwmac-sun8i 1c30000.ethernet: Current syscon value is not the default 50006 (expect 58000)
[   15.110226] [drm] Initialized sun4i-drm 1.0.0 20150629 for display-engine on minor 1
[   15.119009] dwmac-sun8i 1c30000.ethernet: No HW DMA feature register supported
[   15.126887] [drm] Cannot find any crtc or sizes
[   15.133958] dwmac-sun8i 1c30000.ethernet: RX Checksum Offload Engine supported
[   15.145802] dwmac-sun8i 1c30000.ethernet: COE Type 2
[   15.145812] dwmac-sun8i 1c30000.ethernet: TX Checksum insertion supported
[   15.157608] dwmac-sun8i 1c30000.ethernet: Normal descriptors
[   15.163274] dwmac-sun8i 1c30000.ethernet: Chain mode enabled
[   15.169910] libphy: stmmac: probed
[   15.200099] dwmac-sun8i 1c30000.ethernet: Found internal PHY node
[   15.206630] libphy: mdio_mux: probed
[   15.210250] dwmac-sun8i 1c30000.ethernet: Switch mux to internal PHY
[   15.216724] dwmac-sun8i 1c30000.ethernet: Powering internal PHY
[   15.242219] libphy: mdio_mux: probed
[   15.245944] dwmac-sun8i 1c30000.ethernet: Switch mux to external PHY
[   15.304946] Registered IR keymap rc-cec
[   15.309037] rc rc1: dw_hdmi as /devices/platform/soc/1ee0000.hdmi/rc/rc1
[   15.316546] input: dw_hdmi as /devices/platform/soc/1ee0000.hdmi/rc/rc1/input2
[   15.364059] br-lan: port 1(eth0) entered blocking state
[   15.369462] br-lan: port 1(eth0) entered disabled state
[   15.375736] device eth0 entered promiscuous mode
[   15.386404] dwmac-sun8i 1c30000.ethernet eth0: PHY [0.2:01] driver [RTL8211E Gigabit Ethernet]
[   15.398528] dwmac-sun8i 1c30000.ethernet eth0: No Safety Features support found
[   15.406095] dwmac-sun8i 1c30000.ethernet eth0: No MAC Management Counters available
[   15.413805] dwmac-sun8i 1c30000.ethernet eth0: PTP not supported by HW
[   15.420432] dwmac-sun8i 1c30000.ethernet eth0: configuring for phy/rgmii link mode
[   15.429005] br-lan: port 1(eth0) entered blocking state
[   15.434273] br-lan: port 1(eth0) entered forwarding state
[   15.472089] systemd-journald[471]: Received client request to flush runtime journal.
[   15.855870] EXT4-fs (mmcblk0p1): mounted filesystem without journal. Opts: discard
[   16.395157] br-lan: port 1(eth0) entered disabled state
[   19.595559] dwmac-sun8i 1c30000.ethernet eth0: Link is Up - 1Gbps/Full - flow control rx/tx
[   19.603938] IPv6: ADDRCONF(NETDEV_CHANGE): eth0: link becomes ready
[   19.610409] br-lan: port 1(eth0) entered blocking state
[   19.615679] br-lan: port 1(eth0) entered forwarding state
